
> iskcon-website@0.1.0 build
> next build

  Γû▓ Next.js 14.2.28
  - Environments: .env.local

   Creating an optimized production build ...
 Γ£ô Compiled successfully
   Linting and checking validity of types ...
node.exe : Failed to compile.
At line:1 char:1
+ & "C:\Program Files\nodejs/node.exe" 
"C:\Program Files\nodejs/node_mo ...
+ ~~~~~~~~~~~~~~~~~~~~~~~~~~~~~~~~~~~~~
~~~~~~~~~~~~~~~~~~~~~~~~~~~~~~~~
    + CategoryInfo          : NotSpeci 
   fied: (Failed to compile.:String)   
  [], RemoteException
    + FullyQualifiedErrorId : NativeCo 
   mmandError
 

./src/middleware/csrf.ts:2:10
Type error: 'Tokens' can only be 
imported by using a default import.

[0m [90m 1 |[39m [36mimport[39m { 
[33mNextRequest[39m[33m,[39m 
[33mNextResponse[39m } 
[36mfrom[39m 
[32m'next/server'[39m[33m;[39m[0m
[0m[31m[1m>[22m[39m[90m 2 |[39m 
[36mimport[39m { [33mTokens[39m } 
[36mfrom[39m 
[32m'csrf'[39m[33m;[39m[0m
[0m [90m   |[39m          
[31m[1m^[22m[39m[0m
[0m [90m 3 |[39m [36mimport[39m 
logger [36mfrom[39m [32m'@/utils/log
ger'[39m[33m;[39m[0m
[0m [90m 4 |[39m[0m
[0m [90m 5 |[39m [36mconst[39m 
tokens [33m=[39m [36mnew[39m 
[33mTokens[39m()[33m;[39m[0m
Next.js build worker exited with code: 
1 and signal: null
