
> iskcon-website@0.1.0 build
> next build

  Γû▓ Next.js 14.2.28
  - Environments: .env.local

   Creating an optimized production build ...
 Γ£ô Compiled successfully
   Linting and checking validity of types ...
node.exe : Failed to compile.
At line:1 char:1
+ & "C:\Program Files\nodejs/node.exe" 
"C:\Program Files\nodejs/node_mo ...
+ ~~~~~~~~~~~~~~~~~~~~~~~~~~~~~~~~~~~~~
~~~~~~~~~~~~~~~~~~~~~~~~~~~~~~~~
    + CategoryInfo          : NotSpeci 
   fied: (Failed to compile.:String)   
  [], RemoteException
    + FullyQualifiedErrorId : NativeCo 
   mmandError
 

./src/app/courses/page.tsx:160:24
Type error: Type 'Set<string>' can 
only be iterated through when using 
the '--downlevelIteration' flag or 
with a '--target' of 'es2015' or 
higher.

[0m [90m 158 |[39m[0m
[0m [90m 159 |[39m [90m// Unique 
categories for filtering[39m[0m
[0m[31m[1m>[22m[39m[90m 160 
|[39m [36mconst[39m categories 
[33m=[39m 
[[33m...[39m[36mnew[39m [33mSet[3
9m(coursesData[33m.[39mmap(course 
[33m=>[39m course[33m.[39mcategory)
)][33m;[39m[0m
[0m [90m     |[39m                  
      [31m[1m^[22m[39m[0m
[0m [90m 161 |[39m [36mconst[39m 
levels [33m=[39m 
[[32m'Beginner'[39m[33m,[39m 
[32m'Intermediate'[39m[33m,[39m 
[32m'Advanced'[39m][33m;[39m[0m
[0m [90m 162 |[39m[0m
[0m [90m 163 |[39m [36mexport[39m 
[36mdefault[39m [36mfunction[39m 
[33mCoursesPage[39m() {[0m
Next.js build worker exited with code: 
1 and signal: null
